Version: nightly
Build Time: 2026.06.07
Platform: windows (amd64)
OpenGL 3.3
RAM in Use: 5 MB / OS Reserved: 16 MB
Active Goroutines: 3
Timestamp: 2026-06-07 19:46:29

Engine error

Error: external/script/main.lua:868: 
Can't load motif : data/ikemen1/system.def:
data/ikemen1/system.def
Failed to load text from data/ikemen1/system.def: open data/ikemen1/system.def: The system cannot find the path specified.

stack traceback:
	[G]: in function 'loadMotif'
	external/script/main.lua:868: in main chunk
	[G]: ?

Go stack traceback:
goroutine 1 [running, locked to thread]:
runtime/debug.Stack()
	runtime/debug/stack.go:26 +0x5e
main.handlePanic({0x7ff630aa3c80, 0x18c32b569100})
	github.com/ikemen-engine/Ikemen-GO/src/main.go:362 +0x385
main.realMain.func1()
	github.com/ikemen-engine/Ikemen-GO/src/main.go:66 +0x1d
panic({0x7ff630aa3c80?, 0x18c32b569100?})
	runtime/panic.go:860 +0x13a
main.realMain()
	github.com/ikemen-engine/Ikemen-GO/src/main.go:206 +0x55e
main.main()
	github.com/ikemen-engine/Ikemen-GO/src/main.go:59 +0xf
